Archive member included because of file (symbol)

s:/program/imt eclipse/imt_sdk_win_64/winavr/bin/../lib/gcc/avr/4.3.3/avr5\libgcc.a(_exit.o)
                              s:/program/imt eclipse/imt_sdk_win_64/winavr/bin/../lib/gcc/avr/4.3.3/../../../../avr/lib/avr5/crtm32.o (exit)
s:/program/imt eclipse/imt_sdk_win_64/winavr/bin/../lib/gcc/avr/4.3.3/avr5\libgcc.a(_copy_data.o)
                              ./APP/SmartHome_Program.o (__do_copy_data)
s:/program/imt eclipse/imt_sdk_win_64/winavr/bin/../lib/gcc/avr/4.3.3/avr5\libgcc.a(_fixunssfsi.o)
                              ./HAL/BUZZER/BUZZER.o (__fixunssfsi)
s:/program/imt eclipse/imt_sdk_win_64/winavr/bin/../lib/gcc/avr/4.3.3/avr5\libgcc.a(_addsub_sf.o)
                              s:/program/imt eclipse/imt_sdk_win_64/winavr/bin/../lib/gcc/avr/4.3.3/avr5\libgcc.a(_fixunssfsi.o) (__subsf3)
s:/program/imt eclipse/imt_sdk_win_64/winavr/bin/../lib/gcc/avr/4.3.3/avr5\libgcc.a(_mul_sf.o)
                              ./HAL/BUZZER/BUZZER.o (__mulsf3)
s:/program/imt eclipse/imt_sdk_win_64/winavr/bin/../lib/gcc/avr/4.3.3/avr5\libgcc.a(_gt_sf.o)
                              ./HAL/BUZZER/BUZZER.o (__gtsf2)
s:/program/imt eclipse/imt_sdk_win_64/winavr/bin/../lib/gcc/avr/4.3.3/avr5\libgcc.a(_ge_sf.o)
                              s:/program/imt eclipse/imt_sdk_win_64/winavr/bin/../lib/gcc/avr/4.3.3/avr5\libgcc.a(_fixunssfsi.o) (__gesf2)
s:/program/imt eclipse/imt_sdk_win_64/winavr/bin/../lib/gcc/avr/4.3.3/avr5\libgcc.a(_lt_sf.o)
                              ./HAL/BUZZER/BUZZER.o (__ltsf2)
s:/program/imt eclipse/imt_sdk_win_64/winavr/bin/../lib/gcc/avr/4.3.3/avr5\libgcc.a(_sf_to_si.o)
                              s:/program/imt eclipse/imt_sdk_win_64/winavr/bin/../lib/gcc/avr/4.3.3/avr5\libgcc.a(_fixunssfsi.o) (__fixsfsi)
s:/program/imt eclipse/imt_sdk_win_64/winavr/bin/../lib/gcc/avr/4.3.3/avr5\libgcc.a(_thenan_sf.o)
                              s:/program/imt eclipse/imt_sdk_win_64/winavr/bin/../lib/gcc/avr/4.3.3/avr5\libgcc.a(_addsub_sf.o) (__thenan_sf)
s:/program/imt eclipse/imt_sdk_win_64/winavr/bin/../lib/gcc/avr/4.3.3/avr5\libgcc.a(_prologue.o)
                              s:/program/imt eclipse/imt_sdk_win_64/winavr/bin/../lib/gcc/avr/4.3.3/avr5\libgcc.a(_addsub_sf.o) (__prologue_saves__)
s:/program/imt eclipse/imt_sdk_win_64/winavr/bin/../lib/gcc/avr/4.3.3/avr5\libgcc.a(_epilogue.o)
                              s:/program/imt eclipse/imt_sdk_win_64/winavr/bin/../lib/gcc/avr/4.3.3/avr5\libgcc.a(_addsub_sf.o) (__epilogue_restores__)
s:/program/imt eclipse/imt_sdk_win_64/winavr/bin/../lib/gcc/avr/4.3.3/avr5\libgcc.a(_pack_sf.o)
                              s:/program/imt eclipse/imt_sdk_win_64/winavr/bin/../lib/gcc/avr/4.3.3/avr5\libgcc.a(_addsub_sf.o) (__pack_f)
s:/program/imt eclipse/imt_sdk_win_64/winavr/bin/../lib/gcc/avr/4.3.3/avr5\libgcc.a(_unpack_sf.o)
                              s:/program/imt eclipse/imt_sdk_win_64/winavr/bin/../lib/gcc/avr/4.3.3/avr5\libgcc.a(_addsub_sf.o) (__unpack_f)
s:/program/imt eclipse/imt_sdk_win_64/winavr/bin/../lib/gcc/avr/4.3.3/avr5\libgcc.a(_fpcmp_parts_sf.o)
                              s:/program/imt eclipse/imt_sdk_win_64/winavr/bin/../lib/gcc/avr/4.3.3/avr5\libgcc.a(_gt_sf.o) (__fpcmp_parts_f)
s:/program/imt eclipse/imt_sdk_win_64/winavr/bin/../lib/gcc/avr/4.3.3/../../../../avr/lib/avr5\libc.a(strcmp.o)
                              ./APP/SmartHome_Program.o (strcmp)

Memory Configuration

Name             Origin             Length             Attributes
text             0x00000000         0x00020000         xr
data             0x00800060         0x0000ffa0         rw !x
eeprom           0x00810000         0x00010000         rw !x
fuse             0x00820000         0x00000400         rw !x
lock             0x00830000         0x00000400         rw !x
signature        0x00840000         0x00000400         rw !x
*default*        0x00000000         0xffffffff

Linker script and memory map

LOAD s:/program/imt eclipse/imt_sdk_win_64/winavr/bin/../lib/gcc/avr/4.3.3/../../../../avr/lib/avr5/crtm32.o
LOAD ./MCAL/UART/UART_Program.o
LOAD ./MCAL/TIMERS/TIMER_Program.o
LOAD ./MCAL/DIO/DIO_Program.o
LOAD ./HAL/SOLENOID/Solenoid_Program.o
LOAD ./HAL/LED/LED.o
LOAD ./HAL/BUZZER/BUZZER.o
LOAD ./HAL/BLUETOOTH/BLUETOOTH.o
LOAD ./APP/SmartHome_Program.o
LOAD ./main.o
LOAD s:/program/imt eclipse/imt_sdk_win_64/winavr/bin/../lib/gcc/avr/4.3.3/avr5\libgcc.a
LOAD s:/program/imt eclipse/imt_sdk_win_64/winavr/bin/../lib/gcc/avr/4.3.3/../../../../avr/lib/avr5\libc.a
LOAD s:/program/imt eclipse/imt_sdk_win_64/winavr/bin/../lib/gcc/avr/4.3.3/avr5\libgcc.a

.hash
 *(.hash)

.dynsym
 *(.dynsym)

.dynstr
 *(.dynstr)

.gnu.version
 *(.gnu.version)

.gnu.version_d
 *(.gnu.version_d)

.gnu.version_r
 *(.gnu.version_r)

.rel.init
 *(.rel.init)

.rela.init
 *(.rela.init)

.rel.text
 *(.rel.text)
 *(.rel.text.*)
 *(.rel.gnu.linkonce.t*)

.rela.text
 *(.rela.text)
 *(.rela.text.*)
 *(.rela.gnu.linkonce.t*)

.rel.fini
 *(.rel.fini)

.rela.fini
 *(.rela.fini)

.rel.rodata
 *(.rel.rodata)
 *(.rel.rodata.*)
 *(.rel.gnu.linkonce.r*)

.rela.rodata
 *(.rela.rodata)
 *(.rela.rodata.*)
 *(.rela.gnu.linkonce.r*)

.rel.data
 *(.rel.data)
 *(.rel.data.*)
 *(.rel.gnu.linkonce.d*)

.rela.data
 *(.rela.data)
 *(.rela.data.*)
 *(.rela.gnu.linkonce.d*)

.rel.ctors
 *(.rel.ctors)

.rela.ctors
 *(.rela.ctors)

.rel.dtors
 *(.rel.dtors)

.rela.dtors
 *(.rela.dtors)

.rel.got
 *(.rel.got)

.rela.got
 *(.rela.got)

.rel.bss
 *(.rel.bss)

.rela.bss
 *(.rela.bss)

.rel.plt
 *(.rel.plt)

.rela.plt
 *(.rela.plt)

.text           0x00000000     0x21c2
 *(.vectors)
 .vectors       0x00000000       0x54 s:/program/imt eclipse/imt_sdk_win_64/winavr/bin/../lib/gcc/avr/4.3.3/../../../../avr/lib/avr5/crtm32.o
                0x00000000                __vectors
                0x00000000                __vector_default
 *(.vectors)
 *(.progmem.gcc*)
 *(.progmem*)
                0x00000054                . = ALIGN (0x2)
                0x00000054                __trampolines_start = .
 *(.trampolines)
 .trampolines   0x00000054        0x0 linker stubs
 *(.trampolines*)
                0x00000054                __trampolines_end = .
 *(.jumptables)
 *(.jumptables*)
 *(.lowtext)
 *(.lowtext*)
                0x00000054                __ctors_start = .
 *(.ctors)
                0x00000054                __ctors_end = .
                0x00000054                __dtors_start = .
 *(.dtors)
                0x00000054                __dtors_end = .
 SORT(*)(.ctors)
 SORT(*)(.dtors)
 *(.init0)
 .init0         0x00000054        0x0 s:/program/imt eclipse/imt_sdk_win_64/winavr/bin/../lib/gcc/avr/4.3.3/../../../../avr/lib/avr5/crtm32.o
                0x00000054                __init
 *(.init0)
 *(.init1)
 *(.init1)
 *(.init2)
 .init2         0x00000054        0xc s:/program/imt eclipse/imt_sdk_win_64/winavr/bin/../lib/gcc/avr/4.3.3/../../../../avr/lib/avr5/crtm32.o
 *(.init2)
 *(.init3)
 *(.init3)
 *(.init4)
 .init4         0x00000060       0x16 s:/program/imt eclipse/imt_sdk_win_64/winavr/bin/../lib/gcc/avr/4.3.3/avr5\libgcc.a(_copy_data.o)
                0x00000060                __do_copy_data
 *(.init4)
 *(.init5)
 *(.init5)
 *(.init6)
 *(.init6)
 *(.init7)
 *(.init7)
 *(.init8)
 *(.init8)
 *(.init9)
 .init9         0x00000076        0x8 s:/program/imt eclipse/imt_sdk_win_64/winavr/bin/../lib/gcc/avr/4.3.3/../../../../avr/lib/avr5/crtm32.o
 *(.init9)
 *(.text)
 .text          0x0000007e        0x4 s:/program/imt eclipse/imt_sdk_win_64/winavr/bin/../lib/gcc/avr/4.3.3/../../../../avr/lib/avr5/crtm32.o
                0x0000007e                __vector_1
                0x0000007e                __vector_12
                0x0000007e                __bad_interrupt
                0x0000007e                __vector_6
                0x0000007e                __vector_3
                0x0000007e                __vector_11
                0x0000007e                __vector_13
                0x0000007e                __vector_17
                0x0000007e                __vector_19
                0x0000007e                __vector_7
                0x0000007e                __vector_5
                0x0000007e                __vector_4
                0x0000007e                __vector_9
                0x0000007e                __vector_2
                0x0000007e                __vector_15
                0x0000007e                __vector_8
                0x0000007e                __vector_14
                0x0000007e                __vector_10
                0x0000007e                __vector_16
                0x0000007e                __vector_18
                0x0000007e                __vector_20
 .text          0x00000082        0x0 ./MCAL/UART/UART_Program.o
 .text          0x00000082        0x0 ./MCAL/TIMERS/TIMER_Program.o
 .text          0x00000082        0x0 ./MCAL/DIO/DIO_Program.o
 .text          0x00000082        0x0 ./HAL/SOLENOID/Solenoid_Program.o
 .text          0x00000082        0x0 ./HAL/LED/LED.o
 .text          0x00000082        0x0 ./HAL/BUZZER/BUZZER.o
 .text          0x00000082        0x0 ./HAL/BLUETOOTH/BLUETOOTH.o
 .text          0x00000082        0x0 ./APP/SmartHome_Program.o
 .text          0x00000082        0x0 ./main.o
 .text          0x00000082        0x0 s:/program/imt eclipse/imt_sdk_win_64/winavr/bin/../lib/gcc/avr/4.3.3/avr5\libgcc.a(_exit.o)
 .text          0x00000082        0x0 s:/program/imt eclipse/imt_sdk_win_64/winavr/bin/../lib/gcc/avr/4.3.3/avr5\libgcc.a(_copy_data.o)
 .text          0x00000082       0x58 s:/program/imt eclipse/imt_sdk_win_64/winavr/bin/../lib/gcc/avr/4.3.3/avr5\libgcc.a(_fixunssfsi.o)
                0x00000082                __fixunssfsi
 .text          0x000000da      0x354 s:/program/imt eclipse/imt_sdk_win_64/winavr/bin/../lib/gcc/avr/4.3.3/avr5\libgcc.a(_addsub_sf.o)
                0x00000372                __subsf3
                0x000003d4                __addsf3
 .text          0x0000042e      0x1f4 s:/program/imt eclipse/imt_sdk_win_64/winavr/bin/../lib/gcc/avr/4.3.3/avr5\libgcc.a(_mul_sf.o)
                0x0000042e                __mulsf3
 .text          0x00000622       0x60 s:/program/imt eclipse/imt_sdk_win_64/winavr/bin/../lib/gcc/avr/4.3.3/avr5\libgcc.a(_gt_sf.o)
                0x00000622                __gtsf2
 .text          0x00000682       0x60 s:/program/imt eclipse/imt_sdk_win_64/winavr/bin/../lib/gcc/avr/4.3.3/avr5\libgcc.a(_ge_sf.o)
                0x00000682                __gesf2
 .text          0x000006e2       0x60 s:/program/imt eclipse/imt_sdk_win_64/winavr/bin/../lib/gcc/avr/4.3.3/avr5\libgcc.a(_lt_sf.o)
                0x000006e2                __ltsf2
 .text          0x00000742       0xa8 s:/program/imt eclipse/imt_sdk_win_64/winavr/bin/../lib/gcc/avr/4.3.3/avr5\libgcc.a(_sf_to_si.o)
                0x00000742                __fixsfsi
 .text          0x000007ea        0x0 s:/program/imt eclipse/imt_sdk_win_64/winavr/bin/../lib/gcc/avr/4.3.3/avr5\libgcc.a(_thenan_sf.o)
 .text          0x000007ea        0x0 s:/program/imt eclipse/imt_sdk_win_64/winavr/bin/../lib/gcc/avr/4.3.3/avr5\libgcc.a(_prologue.o)
 .text          0x000007ea        0x0 s:/program/imt eclipse/imt_sdk_win_64/winavr/bin/../lib/gcc/avr/4.3.3/avr5\libgcc.a(_epilogue.o)
 .text          0x000007ea      0x1aa s:/program/imt eclipse/imt_sdk_win_64/winavr/bin/../lib/gcc/avr/4.3.3/avr5\libgcc.a(_pack_sf.o)
                0x000007ea                __pack_f
 .text          0x00000994       0xf0 s:/program/imt eclipse/imt_sdk_win_64/winavr/bin/../lib/gcc/avr/4.3.3/avr5\libgcc.a(_unpack_sf.o)
                0x00000994                __unpack_f
 .text          0x00000a84       0xb2 s:/program/imt eclipse/imt_sdk_win_64/winavr/bin/../lib/gcc/avr/4.3.3/avr5\libgcc.a(_fpcmp_parts_sf.o)
                0x00000a84                __fpcmp_parts_f
 .text          0x00000b36        0x0 s:/program/imt eclipse/imt_sdk_win_64/winavr/bin/../lib/gcc/avr/4.3.3/../../../../avr/lib/avr5\libc.a(strcmp.o)
                0x00000b36                . = ALIGN (0x2)
 *(.text.*)
 .text.UART_Init
                0x00000b36       0x38 ./MCAL/UART/UART_Program.o
                0x00000b36                UART_Init
 .text.UART_SetParity
                0x00000b6e       0x98 ./MCAL/UART/UART_Program.o
                0x00000b6e                UART_SetParity
 .text.UART_SetStopBits
                0x00000c06       0x56 ./MCAL/UART/UART_Program.o
                0x00000c06                UART_SetStopBits
 .text.UART_SetDataBits
                0x00000c5c       0x76 ./MCAL/UART/UART_Program.o
                0x00000c5c                UART_SetDataBits
 .text.UART_SetBaudRate
                0x00000cd2       0x48 ./MCAL/UART/UART_Program.o
                0x00000cd2                UART_SetBaudRate
 .text.UART_SetMode
                0x00000d1a       0x9c ./MCAL/UART/UART_Program.o
                0x00000d1a                UART_SetMode
 .text.UART_TransmitData
                0x00000db6       0x38 ./MCAL/UART/UART_Program.o
                0x00000db6                UART_TransmitData
 .text.UART_TransmitString
                0x00000dee       0x3c ./MCAL/UART/UART_Program.o
                0x00000dee                UART_TransmitString
 .text.UART_ReceiveData
                0x00000e2a       0x34 ./MCAL/UART/UART_Program.o
                0x00000e2a                UART_ReceiveData
 .text.UART_ReceiveString
                0x00000e5e       0x80 ./MCAL/UART/UART_Program.o
                0x00000e5e                UART_ReceiveString
 .text.UART_EnableTx
                0x00000ede       0x1c ./MCAL/UART/UART_Program.o
                0x00000ede                UART_EnableTx
 .text.UART_DisableTx
                0x00000efa       0x1c ./MCAL/UART/UART_Program.o
                0x00000efa                UART_DisableTx
 .text.UART_EnableRx
                0x00000f16       0x1c ./MCAL/UART/UART_Program.o
                0x00000f16                UART_EnableRx
 .text.UART_DisableRx
                0x00000f32       0x1c ./MCAL/UART/UART_Program.o
                0x00000f32                UART_DisableRx
 .text.UART_ReceiveByte
                0x00000f4e       0x1e ./MCAL/UART/UART_Program.o
                0x00000f4e                UART_ReceiveByte
 .text.UART_EnableTxInterrupt
                0x00000f6c        0xe ./MCAL/UART/UART_Program.o
                0x00000f6c                UART_EnableTxInterrupt
 .text.UART_DisableTxInterrupt
                0x00000f7a        0xe ./MCAL/UART/UART_Program.o
                0x00000f7a                UART_DisableTxInterrupt
 .text.UART_EnableRxInterrupt
                0x00000f88        0xe ./MCAL/UART/UART_Program.o
                0x00000f88                UART_EnableRxInterrupt
 .text.UART_DisableRxInterrupt
                0x00000f96        0xe ./MCAL/UART/UART_Program.o
                0x00000f96                UART_DisableRxInterrupt
 .text.UART_EnableDataEmptyInterrupt
                0x00000fa4        0xe ./MCAL/UART/UART_Program.o
                0x00000fa4                UART_EnableDataEmptyInterrupt
 .text.UART_DisableDataEmptyInterrupt
                0x00000fb2        0xe ./MCAL/UART/UART_Program.o
                0x00000fb2                UART_DisableDataEmptyInterrupt
 .text.TIMER0_init
                0x00000fc0       0x30 ./MCAL/TIMERS/TIMER_Program.o
                0x00000fc0                TIMER0_init
 .text.TIMER0_Start
                0x00000ff0       0x1c ./MCAL/TIMERS/TIMER_Program.o
                0x00000ff0                TIMER0_Start
 .text.FAST_PWM_MODE
                0x0000100c       0x2a ./MCAL/TIMERS/TIMER_Program.o
                0x0000100c                FAST_PWM_MODE
 .text.TIMER0_IntrrupetEnable_OV
                0x00001036       0x1c ./MCAL/TIMERS/TIMER_Program.o
                0x00001036                TIMER0_IntrrupetEnable_OV
 .text.TIMER0_IntrrupetDisable_OV
                0x00001052       0x1c ./MCAL/TIMERS/TIMER_Program.o
                0x00001052                TIMER0_IntrrupetDisable_OV
 .text.TIMER0_IntrrupetEnable_OC
                0x0000106e       0x1c ./MCAL/TIMERS/TIMER_Program.o
                0x0000106e                TIMER0_IntrrupetEnable_OC
 .text.TIMER0_IntrrupetDisable_OC
                0x0000108a       0x1c ./MCAL/TIMERS/TIMER_Program.o
                0x0000108a                TIMER0_IntrrupetDisable_OC
 .text.TIMER0_Stop
                0x000010a6       0x14 ./MCAL/TIMERS/TIMER_Program.o
                0x000010a6                TIMER0_Stop
 .text.TIMER0_Preload
                0x000010ba       0x1c ./MCAL/TIMERS/TIMER_Program.o
                0x000010ba                TIMER0_Preload
 .text.TIMER0_OC_Value
                0x000010d6       0x1c ./MCAL/TIMERS/TIMER_Program.o
                0x000010d6                TIMER0_OC_Value
 .text.vSet_Pin_Direction
                0x000010f2      0x210 ./MCAL/DIO/DIO_Program.o
                0x000010f2                vSet_Pin_Direction
 .text.vSet_Pin_OUTPUTvalue
                0x00001302      0x210 ./MCAL/DIO/DIO_Program.o
                0x00001302                vSet_Pin_OUTPUTvalue
 .text.vTOGGLE_Pin
                0x00001512       0xfa ./MCAL/DIO/DIO_Program.o
                0x00001512                vTOGGLE_Pin
 .text.vSet_Port_Direction
                0x0000160c      0x10a ./MCAL/DIO/DIO_Program.o
                0x0000160c                vSet_Port_Direction
 .text.vSet_Port_OUTPUTvalue
                0x00001716       0x82 ./MCAL/DIO/DIO_Program.o
                0x00001716                vSet_Port_OUTPUTvalue
 .text.vGIT_PIN
                0x00001798       0xf4 ./MCAL/DIO/DIO_Program.o
                0x00001798                vGIT_PIN
 .text.vSetInernalPullUp
                0x0000188c       0x22 ./MCAL/DIO/DIO_Program.o
                0x0000188c                vSetInernalPullUp
 .text.Solenoid_Init
                0x000018ae       0x18 ./HAL/SOLENOID/Solenoid_Program.o
                0x000018ae                Solenoid_Init
 .text.Solenoid_Activate
                0x000018c6       0x18 ./HAL/SOLENOID/Solenoid_Program.o
                0x000018c6                Solenoid_Activate
 .text.Solenoid_Deactivate
                0x000018de       0x18 ./HAL/SOLENOID/Solenoid_Program.o
                0x000018de                Solenoid_Deactivate
 .text.LED_vInit
                0x000018f6       0x22 ./HAL/LED/LED.o
                0x000018f6                LED_vInit
 .text.LED_vTurnOn
                0x00001918       0x22 ./HAL/LED/LED.o
                0x00001918                LED_vTurnOn
 .text.LED_vTurnOff
                0x0000193a       0x22 ./HAL/LED/LED.o
                0x0000193a                LED_vTurnOff
 .text.LED_vToggle
                0x0000195c       0x20 ./HAL/LED/LED.o
                0x0000195c                LED_vToggle
 .text.LED_u8ReadStatus
                0x0000197c       0x20 ./HAL/LED/LED.o
                0x0000197c                LED_u8ReadStatus
 .text.BUZZER_vInit
                0x0000199c       0x18 ./HAL/BUZZER/BUZZER.o
                0x0000199c                BUZZER_vInit
 .text.BUZZER_vTurnOn
                0x000019b4       0x18 ./HAL/BUZZER/BUZZER.o
                0x000019b4                BUZZER_vTurnOn
 .text.BUZZER_vTurnOff
                0x000019cc       0x18 ./HAL/BUZZER/BUZZER.o
                0x000019cc                BUZZER_vTurnOff
 .text.BUZZER_vSirenAlarm
                0x000019e4      0x21e ./HAL/BUZZER/BUZZER.o
                0x000019e4                BUZZER_vSirenAlarm
 .text.SMART_INIT
                0x00001c02       0x44 ./APP/SmartHome_Program.o
                0x00001c02                SMART_INIT
 .text.AUTHENICATION
                0x00001c46      0x20e ./APP/SmartHome_Program.o
                0x00001c46                AUTHENICATION
 .text.LED_CONTROL
                0x00001e54       0x46 ./APP/SmartHome_Program.o
                0x00001e54                LED_CONTROL
 .text.DOOR_CONTROL
                0x00001e9a       0x46 ./APP/SmartHome_Program.o
                0x00001e9a                DOOR_CONTROL
 .text.main     0x00001ee0      0x25e ./main.o
                0x00001ee0                main
 .text.libgcc   0x0000213e        0x0 s:/program/imt eclipse/imt_sdk_win_64/winavr/bin/../lib/gcc/avr/4.3.3/avr5\libgcc.a(_exit.o)
 .text.libgcc   0x0000213e        0x0 s:/program/imt eclipse/imt_sdk_win_64/winavr/bin/../lib/gcc/avr/4.3.3/avr5\libgcc.a(_copy_data.o)
 .text.libgcc   0x0000213e       0x38 s:/program/imt eclipse/imt_sdk_win_64/winavr/bin/../lib/gcc/avr/4.3.3/avr5\libgcc.a(_prologue.o)
                0x0000213e                __prologue_saves__
 .text.libgcc   0x00002176       0x36 s:/program/imt eclipse/imt_sdk_win_64/winavr/bin/../lib/gcc/avr/4.3.3/avr5\libgcc.a(_epilogue.o)
                0x00002176                __epilogue_restores__
 .text.avr-libc
                0x000021ac       0x12 s:/program/imt eclipse/imt_sdk_win_64/winavr/bin/../lib/gcc/avr/4.3.3/../../../../avr/lib/avr5\libc.a(strcmp.o)
                0x000021ac                strcmp
                0x000021be                . = ALIGN (0x2)
 *(.fini9)
 .fini9         0x000021be        0x0 s:/program/imt eclipse/imt_sdk_win_64/winavr/bin/../lib/gcc/avr/4.3.3/avr5\libgcc.a(_exit.o)
                0x000021be                exit
                0x000021be                _exit
 *(.fini9)
 *(.fini8)
 *(.fini8)
 *(.fini7)
 *(.fini7)
 *(.fini6)
 *(.fini6)
 *(.fini5)
 *(.fini5)
 *(.fini4)
 *(.fini4)
 *(.fini3)
 *(.fini3)
 *(.fini2)
 *(.fini2)
 *(.fini1)
 *(.fini1)
 *(.fini0)
 .fini0         0x000021be        0x4 s:/program/imt eclipse/imt_sdk_win_64/winavr/bin/../lib/gcc/avr/4.3.3/avr5\libgcc.a(_exit.o)
 *(.fini0)
                0x000021c2                _etext = .

.data           0x00800060      0x232 load address 0x000021c2
                0x00800060                PROVIDE (__data_start, .)
 *(.data)
 .data          0x00800060        0x0 s:/program/imt eclipse/imt_sdk_win_64/winavr/bin/../lib/gcc/avr/4.3.3/../../../../avr/lib/avr5/crtm32.o
 .data          0x00800060        0x0 ./MCAL/UART/UART_Program.o
 .data          0x00800060        0x0 ./MCAL/TIMERS/TIMER_Program.o
 .data          0x00800060        0x0 ./MCAL/DIO/DIO_Program.o
 .data          0x00800060        0x0 ./HAL/SOLENOID/Solenoid_Program.o
 .data          0x00800060        0x0 ./HAL/LED/LED.o
 .data          0x00800060        0x0 ./HAL/BUZZER/BUZZER.o
 .data          0x00800060        0x0 ./HAL/BLUETOOTH/BLUETOOTH.o
 .data          0x00800060       0x7c ./APP/SmartHome_Program.o
 .data          0x008000dc      0x136 ./main.o
 .data          0x00800212        0x0 s:/program/imt eclipse/imt_sdk_win_64/winavr/bin/../lib/gcc/avr/4.3.3/avr5\libgcc.a(_exit.o)
 .data          0x00800212        0x0 s:/program/imt eclipse/imt_sdk_win_64/winavr/bin/../lib/gcc/avr/4.3.3/avr5\libgcc.a(_copy_data.o)
 .data          0x00800212        0x0 s:/program/imt eclipse/imt_sdk_win_64/winavr/bin/../lib/gcc/avr/4.3.3/avr5\libgcc.a(_fixunssfsi.o)
 .data          0x00800212        0x0 s:/program/imt eclipse/imt_sdk_win_64/winavr/bin/../lib/gcc/avr/4.3.3/avr5\libgcc.a(_addsub_sf.o)
 .data          0x00800212        0x0 s:/program/imt eclipse/imt_sdk_win_64/winavr/bin/../lib/gcc/avr/4.3.3/avr5\libgcc.a(_mul_sf.o)
 .data          0x00800212        0x0 s:/program/imt eclipse/imt_sdk_win_64/winavr/bin/../lib/gcc/avr/4.3.3/avr5\libgcc.a(_gt_sf.o)
 .data          0x00800212        0x0 s:/program/imt eclipse/imt_sdk_win_64/winavr/bin/../lib/gcc/avr/4.3.3/avr5\libgcc.a(_ge_sf.o)
 .data          0x00800212        0x0 s:/program/imt eclipse/imt_sdk_win_64/winavr/bin/../lib/gcc/avr/4.3.3/avr5\libgcc.a(_lt_sf.o)
 .data          0x00800212        0x0 s:/program/imt eclipse/imt_sdk_win_64/winavr/bin/../lib/gcc/avr/4.3.3/avr5\libgcc.a(_sf_to_si.o)
 .data          0x00800212        0x8 s:/program/imt eclipse/imt_sdk_win_64/winavr/bin/../lib/gcc/avr/4.3.3/avr5\libgcc.a(_thenan_sf.o)
                0x00800212                __thenan_sf
 .data          0x0080021a        0x0 s:/program/imt eclipse/imt_sdk_win_64/winavr/bin/../lib/gcc/avr/4.3.3/avr5\libgcc.a(_prologue.o)
 .data          0x0080021a        0x0 s:/program/imt eclipse/imt_sdk_win_64/winavr/bin/../lib/gcc/avr/4.3.3/avr5\libgcc.a(_epilogue.o)
 .data          0x0080021a        0x0 s:/program/imt eclipse/imt_sdk_win_64/winavr/bin/../lib/gcc/avr/4.3.3/avr5\libgcc.a(_pack_sf.o)
 .data          0x0080021a        0x0 s:/program/imt eclipse/imt_sdk_win_64/winavr/bin/../lib/gcc/avr/4.3.3/avr5\libgcc.a(_unpack_sf.o)
 .data          0x0080021a        0x0 s:/program/imt eclipse/imt_sdk_win_64/winavr/bin/../lib/gcc/avr/4.3.3/avr5\libgcc.a(_fpcmp_parts_sf.o)
 .data          0x0080021a        0x0 s:/program/imt eclipse/imt_sdk_win_64/winavr/bin/../lib/gcc/avr/4.3.3/../../../../avr/lib/avr5\libc.a(strcmp.o)
 *(.data*)
 *(.rodata)
 *(.rodata*)
 .rodata.usernames
                0x0080021a       0x3c ./APP/SmartHome_Program.o
                0x0080021a                usernames
 .rodata.pass   0x00800256       0x3c ./APP/SmartHome_Program.o
                0x00800256                pass
 *(.gnu.linkonce.d*)
                0x00800292                . = ALIGN (0x2)
                0x00800292                _edata = .
                0x00800292                PROVIDE (__data_end, .)

.bss            0x00800292        0x0
                0x00800292                PROVIDE (__bss_start, .)
 *(.bss)
 .bss           0x00800292        0x0 s:/program/imt eclipse/imt_sdk_win_64/winavr/bin/../lib/gcc/avr/4.3.3/../../../../avr/lib/avr5/crtm32.o
 .bss           0x00800292        0x0 ./MCAL/UART/UART_Program.o
 .bss           0x00800292        0x0 ./MCAL/TIMERS/TIMER_Program.o
 .bss           0x00800292        0x0 ./MCAL/DIO/DIO_Program.o
 .bss           0x00800292        0x0 ./HAL/SOLENOID/Solenoid_Program.o
 .bss           0x00800292        0x0 ./HAL/LED/LED.o
 .bss           0x00800292        0x0 ./HAL/BUZZER/BUZZER.o
 .bss           0x00800292        0x0 ./HAL/BLUETOOTH/BLUETOOTH.o
 .bss           0x00800292        0x0 ./APP/SmartHome_Program.o
 .bss           0x00800292        0x0 ./main.o
 .bss           0x00800292        0x0 s:/program/imt eclipse/imt_sdk_win_64/winavr/bin/../lib/gcc/avr/4.3.3/avr5\libgcc.a(_exit.o)
 .bss           0x00800292        0x0 s:/program/imt eclipse/imt_sdk_win_64/winavr/bin/../lib/gcc/avr/4.3.3/avr5\libgcc.a(_copy_data.o)
 .bss           0x00800292        0x0 s:/program/imt eclipse/imt_sdk_win_64/winavr/bin/../lib/gcc/avr/4.3.3/avr5\libgcc.a(_fixunssfsi.o)
 .bss           0x00800292        0x0 s:/program/imt eclipse/imt_sdk_win_64/winavr/bin/../lib/gcc/avr/4.3.3/avr5\libgcc.a(_addsub_sf.o)
 .bss           0x00800292        0x0 s:/program/imt eclipse/imt_sdk_win_64/winavr/bin/../lib/gcc/avr/4.3.3/avr5\libgcc.a(_mul_sf.o)
 .bss           0x00800292        0x0 s:/program/imt eclipse/imt_sdk_win_64/winavr/bin/../lib/gcc/avr/4.3.3/avr5\libgcc.a(_gt_sf.o)
 .bss           0x00800292        0x0 s:/program/imt eclipse/imt_sdk_win_64/winavr/bin/../lib/gcc/avr/4.3.3/avr5\libgcc.a(_ge_sf.o)
 .bss           0x00800292        0x0 s:/program/imt eclipse/imt_sdk_win_64/winavr/bin/../lib/gcc/avr/4.3.3/avr5\libgcc.a(_lt_sf.o)
 .bss           0x00800292        0x0 s:/program/imt eclipse/imt_sdk_win_64/winavr/bin/../lib/gcc/avr/4.3.3/avr5\libgcc.a(_sf_to_si.o)
 .bss           0x00800292        0x0 s:/program/imt eclipse/imt_sdk_win_64/winavr/bin/../lib/gcc/avr/4.3.3/avr5\libgcc.a(_thenan_sf.o)
 .bss           0x00800292        0x0 s:/program/imt eclipse/imt_sdk_win_64/winavr/bin/../lib/gcc/avr/4.3.3/avr5\libgcc.a(_prologue.o)
 .bss           0x00800292        0x0 s:/program/imt eclipse/imt_sdk_win_64/winavr/bin/../lib/gcc/avr/4.3.3/avr5\libgcc.a(_epilogue.o)
 .bss           0x00800292        0x0 s:/program/imt eclipse/imt_sdk_win_64/winavr/bin/../lib/gcc/avr/4.3.3/avr5\libgcc.a(_pack_sf.o)
 .bss           0x00800292        0x0 s:/program/imt eclipse/imt_sdk_win_64/winavr/bin/../lib/gcc/avr/4.3.3/avr5\libgcc.a(_unpack_sf.o)
 .bss           0x00800292        0x0 s:/program/imt eclipse/imt_sdk_win_64/winavr/bin/../lib/gcc/avr/4.3.3/avr5\libgcc.a(_fpcmp_parts_sf.o)
 .bss           0x00800292        0x0 s:/program/imt eclipse/imt_sdk_win_64/winavr/bin/../lib/gcc/avr/4.3.3/../../../../avr/lib/avr5\libc.a(strcmp.o)
 *(.bss*)
 *(COMMON)
                0x00800292                PROVIDE (__bss_end, .)
                0x000021c2                __data_load_start = LOADADDR (.data)
                0x000023f4                __data_load_end = (__data_load_start + SIZEOF (.data))

.noinit         0x00800292        0x0
                0x00800292                PROVIDE (__noinit_start, .)
 *(.noinit*)
                0x00800292                PROVIDE (__noinit_end, .)
                0x00800292                _end = .
                0x00800292                PROVIDE (__heap_start, .)

.eeprom         0x00810000        0x0
 *(.eeprom*)
                0x00810000                __eeprom_end = .

.fuse
 *(.fuse)
 *(.lfuse)
 *(.hfuse)
 *(.efuse)

.lock
 *(.lock*)

.signature
 *(.signature*)

.stab           0x00000000     0x2598
 *(.stab)
 .stab          0x00000000      0x7b0 ./MCAL/UART/UART_Program.o
 .stab          0x000007b0      0x384 ./MCAL/TIMERS/TIMER_Program.o
                                0x390 (size before relaxing)
 .stab          0x00000b34      0x5ac ./MCAL/DIO/DIO_Program.o
                                0x5b8 (size before relaxing)
 .stab          0x000010e0      0x1f8 ./HAL/SOLENOID/Solenoid_Program.o
                                0x204 (size before relaxing)
 .stab          0x000012d8      0x2d0 ./HAL/LED/LED.o
                                0x2dc (size before relaxing)
 .stab          0x000015a8      0x588 ./HAL/BUZZER/BUZZER.o
                                0x594 (size before relaxing)
 .stab          0x00001b30       0xd8 ./HAL/BLUETOOTH/BLUETOOTH.o
                                 0xe4 (size before relaxing)
 .stab          0x00001c08      0x588 ./APP/SmartHome_Program.o
                                0x720 (size before relaxing)
 .stab          0x00002190      0x408 ./main.o
                                0x63c (size before relaxing)

.stabstr        0x00000000     0x11c2
 *(.stabstr)
 .stabstr       0x00000000     0x11c2 ./MCAL/UART/UART_Program.o

.stab.excl
 *(.stab.excl)

.stab.exclstr
 *(.stab.exclstr)

.stab.index
 *(.stab.index)

.stab.indexstr
 *(.stab.indexstr)

.comment
 *(.comment)

.debug
 *(.debug)

.line
 *(.line)

.debug_srcinfo
 *(.debug_srcinfo)

.debug_sfnames
 *(.debug_sfnames)

.debug_aranges  0x00000000      0x140
 *(.debug_aranges)
 .debug_aranges
                0x00000000       0x20 s:/program/imt eclipse/imt_sdk_win_64/winavr/bin/../lib/gcc/avr/4.3.3/avr5\libgcc.a(_fixunssfsi.o)
 .debug_aranges
                0x00000020       0x20 s:/program/imt eclipse/imt_sdk_win_64/winavr/bin/../lib/gcc/avr/4.3.3/avr5\libgcc.a(_addsub_sf.o)
 .debug_aranges
                0x00000040       0x20 s:/program/imt eclipse/imt_sdk_win_64/winavr/bin/../lib/gcc/avr/4.3.3/avr5\libgcc.a(_mul_sf.o)
 .debug_aranges
                0x00000060       0x20 s:/program/imt eclipse/imt_sdk_win_64/winavr/bin/../lib/gcc/avr/4.3.3/avr5\libgcc.a(_gt_sf.o)
 .debug_aranges
                0x00000080       0x20 s:/program/imt eclipse/imt_sdk_win_64/winavr/bin/../lib/gcc/avr/4.3.3/avr5\libgcc.a(_ge_sf.o)
 .debug_aranges
                0x000000a0       0x20 s:/program/imt eclipse/imt_sdk_win_64/winavr/bin/../lib/gcc/avr/4.3.3/avr5\libgcc.a(_lt_sf.o)
 .debug_aranges
                0x000000c0       0x20 s:/program/imt eclipse/imt_sdk_win_64/winavr/bin/../lib/gcc/avr/4.3.3/avr5\libgcc.a(_sf_to_si.o)
 .debug_aranges
                0x000000e0       0x20 s:/program/imt eclipse/imt_sdk_win_64/winavr/bin/../lib/gcc/avr/4.3.3/avr5\libgcc.a(_pack_sf.o)
 .debug_aranges
                0x00000100       0x20 s:/program/imt eclipse/imt_sdk_win_64/winavr/bin/../lib/gcc/avr/4.3.3/avr5\libgcc.a(_unpack_sf.o)
 .debug_aranges
                0x00000120       0x20 s:/program/imt eclipse/imt_sdk_win_64/winavr/bin/../lib/gcc/avr/4.3.3/avr5\libgcc.a(_fpcmp_parts_sf.o)

.debug_pubnames
                0x00000000      0x170
 *(.debug_pubnames)
 .debug_pubnames
                0x00000000       0x23 s:/program/imt eclipse/imt_sdk_win_64/winavr/bin/../lib/gcc/avr/4.3.3/avr5\libgcc.a(_fixunssfsi.o)
 .debug_pubnames
                0x00000023       0x2c s:/program/imt eclipse/imt_sdk_win_64/winavr/bin/../lib/gcc/avr/4.3.3/avr5\libgcc.a(_addsub_sf.o)
 .debug_pubnames
                0x0000004f       0x1f s:/program/imt eclipse/imt_sdk_win_64/winavr/bin/../lib/gcc/avr/4.3.3/avr5\libgcc.a(_mul_sf.o)
 .debug_pubnames
                0x0000006e       0x1e s:/program/imt eclipse/imt_sdk_win_64/winavr/bin/../lib/gcc/avr/4.3.3/avr5\libgcc.a(_gt_sf.o)
 .debug_pubnames
                0x0000008c       0x1e s:/program/imt eclipse/imt_sdk_win_64/winavr/bin/../lib/gcc/avr/4.3.3/avr5\libgcc.a(_ge_sf.o)
 .debug_pubnames
                0x000000aa       0x1e s:/program/imt eclipse/imt_sdk_win_64/winavr/bin/../lib/gcc/avr/4.3.3/avr5\libgcc.a(_lt_sf.o)
 .debug_pubnames
                0x000000c8       0x20 s:/program/imt eclipse/imt_sdk_win_64/winavr/bin/../lib/gcc/avr/4.3.3/avr5\libgcc.a(_sf_to_si.o)
 .debug_pubnames
                0x000000e8       0x22 s:/program/imt eclipse/imt_sdk_win_64/winavr/bin/../lib/gcc/avr/4.3.3/avr5\libgcc.a(_thenan_sf.o)
 .debug_pubnames
                0x0000010a       0x1f s:/program/imt eclipse/imt_sdk_win_64/winavr/bin/../lib/gcc/avr/4.3.3/avr5\libgcc.a(_pack_sf.o)
 .debug_pubnames
                0x00000129       0x21 s:/program/imt eclipse/imt_sdk_win_64/winavr/bin/../lib/gcc/avr/4.3.3/avr5\libgcc.a(_unpack_sf.o)
 .debug_pubnames
                0x0000014a       0x26 s:/program/imt eclipse/imt_sdk_win_64/winavr/bin/../lib/gcc/avr/4.3.3/avr5\libgcc.a(_fpcmp_parts_sf.o)

.debug_info     0x00000000     0x1c49
 *(.debug_info)
 .debug_info    0x00000000       0xb1 s:/program/imt eclipse/imt_sdk_win_64/winavr/bin/../lib/gcc/avr/4.3.3/avr5\libgcc.a(_fixunssfsi.o)
 .debug_info    0x000000b1      0x47a s:/program/imt eclipse/imt_sdk_win_64/winavr/bin/../lib/gcc/avr/4.3.3/avr5\libgcc.a(_addsub_sf.o)
 .debug_info    0x0000052b      0x485 s:/program/imt eclipse/imt_sdk_win_64/winavr/bin/../lib/gcc/avr/4.3.3/avr5\libgcc.a(_mul_sf.o)
 .debug_info    0x000009b0      0x27f s:/program/imt eclipse/imt_sdk_win_64/winavr/bin/../lib/gcc/avr/4.3.3/avr5\libgcc.a(_gt_sf.o)
 .debug_info    0x00000c2f      0x27f s:/program/imt eclipse/imt_sdk_win_64/winavr/bin/../lib/gcc/avr/4.3.3/avr5\libgcc.a(_ge_sf.o)
 .debug_info    0x00000eae      0x27f s:/program/imt eclipse/imt_sdk_win_64/winavr/bin/../lib/gcc/avr/4.3.3/avr5\libgcc.a(_lt_sf.o)
 .debug_info    0x0000112d      0x2b0 s:/program/imt eclipse/imt_sdk_win_64/winavr/bin/../lib/gcc/avr/4.3.3/avr5\libgcc.a(_sf_to_si.o)
 .debug_info    0x000013dd      0x12c s:/program/imt eclipse/imt_sdk_win_64/winavr/bin/../lib/gcc/avr/4.3.3/avr5\libgcc.a(_thenan_sf.o)
 .debug_info    0x00001509      0x2df s:/program/imt eclipse/imt_sdk_win_64/winavr/bin/../lib/gcc/avr/4.3.3/avr5\libgcc.a(_pack_sf.o)
 .debug_info    0x000017e8      0x251 s:/program/imt eclipse/imt_sdk_win_64/winavr/bin/../lib/gcc/avr/4.3.3/avr5\libgcc.a(_unpack_sf.o)
 .debug_info    0x00001a39      0x210 s:/program/imt eclipse/imt_sdk_win_64/winavr/bin/../lib/gcc/avr/4.3.3/avr5\libgcc.a(_fpcmp_parts_sf.o)
 *(.gnu.linkonce.wi.*)

.debug_abbrev   0x00000000      0xeeb
 *(.debug_abbrev)
 .debug_abbrev  0x00000000       0x5d s:/program/imt eclipse/imt_sdk_win_64/winavr/bin/../lib/gcc/avr/4.3.3/avr5\libgcc.a(_fixunssfsi.o)
 .debug_abbrev  0x0000005d      0x1ea s:/program/imt eclipse/imt_sdk_win_64/winavr/bin/../lib/gcc/avr/4.3.3/avr5\libgcc.a(_addsub_sf.o)
 .debug_abbrev  0x00000247      0x21b s:/program/imt eclipse/imt_sdk_win_64/winavr/bin/../lib/gcc/avr/4.3.3/avr5\libgcc.a(_mul_sf.o)
 .debug_abbrev  0x00000462      0x15a s:/program/imt eclipse/imt_sdk_win_64/winavr/bin/../lib/gcc/avr/4.3.3/avr5\libgcc.a(_gt_sf.o)
 .debug_abbrev  0x000005bc      0x15a s:/program/imt eclipse/imt_sdk_win_64/winavr/bin/../lib/gcc/avr/4.3.3/avr5\libgcc.a(_ge_sf.o)
 .debug_abbrev  0x00000716      0x15a s:/program/imt eclipse/imt_sdk_win_64/winavr/bin/../lib/gcc/avr/4.3.3/avr5\libgcc.a(_lt_sf.o)
 .debug_abbrev  0x00000870      0x17f s:/program/imt eclipse/imt_sdk_win_64/winavr/bin/../lib/gcc/avr/4.3.3/avr5\libgcc.a(_sf_to_si.o)
 .debug_abbrev  0x000009ef       0xad s:/program/imt eclipse/imt_sdk_win_64/winavr/bin/../lib/gcc/avr/4.3.3/avr5\libgcc.a(_thenan_sf.o)
 .debug_abbrev  0x00000a9c      0x1c0 s:/program/imt eclipse/imt_sdk_win_64/winavr/bin/../lib/gcc/avr/4.3.3/avr5\libgcc.a(_pack_sf.o)
 .debug_abbrev  0x00000c5c      0x154 s:/program/imt eclipse/imt_sdk_win_64/winavr/bin/../lib/gcc/avr/4.3.3/avr5\libgcc.a(_unpack_sf.o)
 .debug_abbrev  0x00000db0      0x13b s:/program/imt eclipse/imt_sdk_win_64/winavr/bin/../lib/gcc/avr/4.3.3/avr5\libgcc.a(_fpcmp_parts_sf.o)

.debug_line     0x00000000      0xdad
 *(.debug_line)
 .debug_line    0x00000000       0xa7 s:/program/imt eclipse/imt_sdk_win_64/winavr/bin/../lib/gcc/avr/4.3.3/avr5\libgcc.a(_fixunssfsi.o)
 .debug_line    0x000000a7      0x2af s:/program/imt eclipse/imt_sdk_win_64/winavr/bin/../lib/gcc/avr/4.3.3/avr5\libgcc.a(_addsub_sf.o)
 .debug_line    0x00000356      0x239 s:/program/imt eclipse/imt_sdk_win_64/winavr/bin/../lib/gcc/avr/4.3.3/avr5\libgcc.a(_mul_sf.o)
 .debug_line    0x0000058f       0xd3 s:/program/imt eclipse/imt_sdk_win_64/winavr/bin/../lib/gcc/avr/4.3.3/avr5\libgcc.a(_gt_sf.o)
 .debug_line    0x00000662       0xd3 s:/program/imt eclipse/imt_sdk_win_64/winavr/bin/../lib/gcc/avr/4.3.3/avr5\libgcc.a(_ge_sf.o)
 .debug_line    0x00000735       0xd3 s:/program/imt eclipse/imt_sdk_win_64/winavr/bin/../lib/gcc/avr/4.3.3/avr5\libgcc.a(_lt_sf.o)
 .debug_line    0x00000808      0x109 s:/program/imt eclipse/imt_sdk_win_64/winavr/bin/../lib/gcc/avr/4.3.3/avr5\libgcc.a(_sf_to_si.o)
 .debug_line    0x00000911       0x90 s:/program/imt eclipse/imt_sdk_win_64/winavr/bin/../lib/gcc/avr/4.3.3/avr5\libgcc.a(_thenan_sf.o)
 .debug_line    0x000009a1      0x18a s:/program/imt eclipse/imt_sdk_win_64/winavr/bin/../lib/gcc/avr/4.3.3/avr5\libgcc.a(_pack_sf.o)
 .debug_line    0x00000b2b      0x14b s:/program/imt eclipse/imt_sdk_win_64/winavr/bin/../lib/gcc/avr/4.3.3/avr5\libgcc.a(_unpack_sf.o)
 .debug_line    0x00000c76      0x137 s:/program/imt eclipse/imt_sdk_win_64/winavr/bin/../lib/gcc/avr/4.3.3/avr5\libgcc.a(_fpcmp_parts_sf.o)

.debug_frame    0x00000000      0x160
 *(.debug_frame)
 .debug_frame   0x00000000       0x20 s:/program/imt eclipse/imt_sdk_win_64/winavr/bin/../lib/gcc/avr/4.3.3/avr5\libgcc.a(_fixunssfsi.o)
 .debug_frame   0x00000020       0x40 s:/program/imt eclipse/imt_sdk_win_64/winavr/bin/../lib/gcc/avr/4.3.3/avr5\libgcc.a(_addsub_sf.o)
 .debug_frame   0x00000060       0x20 s:/program/imt eclipse/imt_sdk_win_64/winavr/bin/../lib/gcc/avr/4.3.3/avr5\libgcc.a(_mul_sf.o)
 .debug_frame   0x00000080       0x20 s:/program/imt eclipse/imt_sdk_win_64/winavr/bin/../lib/gcc/avr/4.3.3/avr5\libgcc.a(_gt_sf.o)
 .debug_frame   0x000000a0       0x20 s:/program/imt eclipse/imt_sdk_win_64/winavr/bin/../lib/gcc/avr/4.3.3/avr5\libgcc.a(_ge_sf.o)
 .debug_frame   0x000000c0       0x20 s:/program/imt eclipse/imt_sdk_win_64/winavr/bin/../lib/gcc/avr/4.3.3/avr5\libgcc.a(_lt_sf.o)
 .debug_frame   0x000000e0       0x20 s:/program/imt eclipse/imt_sdk_win_64/winavr/bin/../lib/gcc/avr/4.3.3/avr5\libgcc.a(_sf_to_si.o)
 .debug_frame   0x00000100       0x20 s:/program/imt eclipse/imt_sdk_win_64/winavr/bin/../lib/gcc/avr/4.3.3/avr5\libgcc.a(_pack_sf.o)
 .debug_frame   0x00000120       0x20 s:/program/imt eclipse/imt_sdk_win_64/winavr/bin/../lib/gcc/avr/4.3.3/avr5\libgcc.a(_unpack_sf.o)
 .debug_frame   0x00000140       0x20 s:/program/imt eclipse/imt_sdk_win_64/winavr/bin/../lib/gcc/avr/4.3.3/avr5\libgcc.a(_fpcmp_parts_sf.o)

.debug_str      0x00000000      0x28d
 *(.debug_str)
 .debug_str     0x00000000       0xbf s:/program/imt eclipse/imt_sdk_win_64/winavr/bin/../lib/gcc/avr/4.3.3/avr5\libgcc.a(_fixunssfsi.o)
                                 0xfe (size before relaxing)
 .debug_str     0x000000bf      0x14d s:/program/imt eclipse/imt_sdk_win_64/winavr/bin/../lib/gcc/avr/4.3.3/avr5\libgcc.a(_addsub_sf.o)
                                0x206 (size before relaxing)
 .debug_str     0x0000020c       0x27 s:/program/imt eclipse/imt_sdk_win_64/winavr/bin/../lib/gcc/avr/4.3.3/avr5\libgcc.a(_mul_sf.o)
                                0x1bf (size before relaxing)
 .debug_str     0x00000233        0xf s:/program/imt eclipse/imt_sdk_win_64/winavr/bin/../lib/gcc/avr/4.3.3/avr5\libgcc.a(_gt_sf.o)
                                0x195 (size before relaxing)
 .debug_str     0x00000242        0x8 s:/program/imt eclipse/imt_sdk_win_64/winavr/bin/../lib/gcc/avr/4.3.3/avr5\libgcc.a(_ge_sf.o)
                                0x195 (size before relaxing)
 .debug_str     0x0000024a        0x8 s:/program/imt eclipse/imt_sdk_win_64/winavr/bin/../lib/gcc/avr/4.3.3/avr5\libgcc.a(_lt_sf.o)
                                0x195 (size before relaxing)
 .debug_str     0x00000252        0xa s:/program/imt eclipse/imt_sdk_win_64/winavr/bin/../lib/gcc/avr/4.3.3/avr5\libgcc.a(_sf_to_si.o)
                                0x19e (size before relaxing)
 .debug_str     0x00000000      0x103 s:/program/imt eclipse/imt_sdk_win_64/winavr/bin/../lib/gcc/avr/4.3.3/avr5\libgcc.a(_thenan_sf.o)
 .debug_str     0x0000025c       0x16 s:/program/imt eclipse/imt_sdk_win_64/winavr/bin/../lib/gcc/avr/4.3.3/avr5\libgcc.a(_pack_sf.o)
                                0x19d (size before relaxing)
 .debug_str     0x00000272        0xb s:/program/imt eclipse/imt_sdk_win_64/winavr/bin/../lib/gcc/avr/4.3.3/avr5\libgcc.a(_unpack_sf.o)
                                0x17f (size before relaxing)
 .debug_str     0x0000027d       0x10 s:/program/imt eclipse/imt_sdk_win_64/winavr/bin/../lib/gcc/avr/4.3.3/avr5\libgcc.a(_fpcmp_parts_sf.o)
                                0x163 (size before relaxing)

.debug_loc      0x00000000      0x7ce
 *(.debug_loc)
 .debug_loc     0x00000000       0x34 s:/program/imt eclipse/imt_sdk_win_64/winavr/bin/../lib/gcc/avr/4.3.3/avr5\libgcc.a(_fixunssfsi.o)
 .debug_loc     0x00000034      0x32a s:/program/imt eclipse/imt_sdk_win_64/winavr/bin/../lib/gcc/avr/4.3.3/avr5\libgcc.a(_addsub_sf.o)
 .debug_loc     0x0000035e      0x104 s:/program/imt eclipse/imt_sdk_win_64/winavr/bin/../lib/gcc/avr/4.3.3/avr5\libgcc.a(_mul_sf.o)
 .debug_loc     0x00000462       0x3c s:/program/imt eclipse/imt_sdk_win_64/winavr/bin/../lib/gcc/avr/4.3.3/avr5\libgcc.a(_gt_sf.o)
 .debug_loc     0x0000049e       0x3c s:/program/imt eclipse/imt_sdk_win_64/winavr/bin/../lib/gcc/avr/4.3.3/avr5\libgcc.a(_ge_sf.o)
 .debug_loc     0x000004da       0x3c s:/program/imt eclipse/imt_sdk_win_64/winavr/bin/../lib/gcc/avr/4.3.3/avr5\libgcc.a(_lt_sf.o)
 .debug_loc     0x00000516       0x7e s:/program/imt eclipse/imt_sdk_win_64/winavr/bin/../lib/gcc/avr/4.3.3/avr5\libgcc.a(_sf_to_si.o)
 .debug_loc     0x00000594      0x13e s:/program/imt eclipse/imt_sdk_win_64/winavr/bin/../lib/gcc/avr/4.3.3/avr5\libgcc.a(_pack_sf.o)
 .debug_loc     0x000006d2       0xac s:/program/imt eclipse/imt_sdk_win_64/winavr/bin/../lib/gcc/avr/4.3.3/avr5\libgcc.a(_unpack_sf.o)
 .debug_loc     0x0000077e       0x50 s:/program/imt eclipse/imt_sdk_win_64/winavr/bin/../lib/gcc/avr/4.3.3/avr5\libgcc.a(_fpcmp_parts_sf.o)

.debug_macinfo
 *(.debug_macinfo)
OUTPUT(ITI_Graduation_Project.elf elf32-avr)
LOAD linker stubs

.debug_ranges   0x00000000       0x50
 .debug_ranges  0x00000000       0x50 s:/program/imt eclipse/imt_sdk_win_64/winavr/bin/../lib/gcc/avr/4.3.3/avr5\libgcc.a(_mul_sf.o)
